// Jest Snapshot v1, https://goo.gl/fbAQLP

exports[`should render header 1`] = `
<View
  style={
    {
      "backgroundColor": "cream",
      "padding": 10,
    }
  }
>
  <Text
    style={
      {
        "color": "black",
        "fontSize": 30,
        "textAlign": "center",
      }
    }
  >
    Mayden Shopping List
  </Text>
</View>
`;
