// Jest Snapshot v1, https://goo.gl/fbAQLP

exports[`should render shopping list 1`] = `
<RCTScrollView
  ListHeaderComponent={[Function]}
  data={
    [
      {
        "id": "test-id-0",
        "name": "test name 0",
        "quantity": 1,
      },
      {
        "id": "test-id-1",
        "name": "test name 1",
        "quantity": 2,
      },
    ]
  }
  getItem={[Function]}
  getItemCount={[Function]}
  keyExtractor={[Function]}
  onContentSizeChange={[Function]}
  onLayout={[Function]}
  onMomentumScrollBegin={[Function]}
  onMomentumScrollEnd={[Function]}
  onScroll={[Function]}
  onScrollBeginDrag={[Function]}
  onScrollEndDrag={[Function]}
  removeClippedSubviews={false}
  renderItem={[Function]}
  scrollEventThrottle={0.0001}
  stickyHeaderIndices={[]}
  viewabilityConfigCallbackPairs={[]}
>
  <View>
    <View
      collapsable={false}
      onLayout={[Function]}
    >
      <View
        style={
          {
            "borderColor": "#6495ed",
            "borderRadius": 30,
            "borderWidth": 3,
            "flexDirection": "row",
            "marginBottom": 3,
            "width": "100%",
          }
        }
      >
        <TextInput
          onChangeText={[Function]}
          placeholder="Name"
          style={
            {
              "borderColor": "grey",
              "borderRadius": 30,
              "borderWidth": 1,
              "margin": 5,
              "minWidth": "33%",
              "paddingHorizontal": 5,
              "paddingVertical": 0,
            }
          }
        />
        <TextInput
          keyboardType="number-pad"
          onChangeText={[Function]}
          placeholder="Quantity"
          style={
            {
              "borderColor": "grey",
              "borderRadius": 30,
              "borderWidth": 1,
              "margin": 5,
              "minWidth": "33%",
              "paddingHorizontal": 5,
              "paddingVertical": 0,
            }
          }
          value="0"
        />
        <View
          accessibilityState={
            {
              "busy": undefined,
              "checked": undefined,
              "disabled": undefined,
              "expanded": undefined,
              "selected": undefined,
            }
          }
          accessibilityValue={
            {
              "max": undefined,
              "min": undefined,
              "now": undefined,
              "text": undefined,
            }
          }
          accessible={true}
          collapsable={false}
          focusable={true}
          onClick={[Function]}
          onResponderGrant={[Function]}
          onResponderMove={[Function]}
          onResponderRelease={[Function]}
          onResponderTerminate={[Function]}
          onResponderTerminationRequest={[Function]}
          onStartShouldSetResponder={[Function]}
          style={
            {
              "justifyContent": "center",
              "opacity": 1,
              "paddingLeft": 10,
              "textAlign": "right",
            }
          }
        >
          <Text>
            Save
          </Text>
        </View>
      </View>
    </View>
    <View
      onFocusCapture={[Function]}
      onLayout={[Function]}
      style={null}
    >
      <View
        style={
          {
            "borderColor": "#6495ed",
            "borderRadius": 30,
            "borderWidth": 3,
            "flexDirection": "row",
            "marginBottom": 3,
            "width": "100%",
          }
        }
      >
        <Text
          style={
            {
              "fontSize": 15,
              "minWidth": "33%",
              "padding": 10,
            }
          }
        >
          test name 0
        </Text>
        <Text
          style={
            {
              "fontSize": 15,
              "minWidth": "33%",
              "padding": 10,
            }
          }
        >
          1
        </Text>
        <View
          accessibilityState={
            {
              "busy": undefined,
              "checked": undefined,
              "disabled": undefined,
              "expanded": undefined,
              "selected": undefined,
            }
          }
          accessibilityValue={
            {
              "max": undefined,
              "min": undefined,
              "now": undefined,
              "text": undefined,
            }
          }
          accessible={true}
          collapsable={false}
          focusable={true}
          onClick={[Function]}
          onResponderGrant={[Function]}
          onResponderMove={[Function]}
          onResponderRelease={[Function]}
          onResponderTerminate={[Function]}
          onResponderTerminationRequest={[Function]}
          onStartShouldSetResponder={[Function]}
          style={
            {
              "flexShrink": 1,
              "justifyContent": "center",
              "opacity": 1,
              "paddingLeft": 10,
              "textAlign": "right",
            }
          }
        >
          <Text>
            Remove
          </Text>
        </View>
      </View>
    </View>
    <View
      onFocusCapture={[Function]}
      onLayout={[Function]}
      style={null}
    >
      <View
        style={
          {
            "borderColor": "#6495ed",
            "borderRadius": 30,
            "borderWidth": 3,
            "flexDirection": "row",
            "marginBottom": 3,
            "width": "100%",
          }
        }
      >
        <Text
          style={
            {
              "fontSize": 15,
              "minWidth": "33%",
              "padding": 10,
            }
          }
        >
          test name 1
        </Text>
        <Text
          style={
            {
              "fontSize": 15,
              "minWidth": "33%",
              "padding": 10,
            }
          }
        >
          2
        </Text>
        <View
          accessibilityState={
            {
              "busy": undefined,
              "checked": undefined,
              "disabled": undefined,
              "expanded": undefined,
              "selected": undefined,
            }
          }
          accessibilityValue={
            {
              "max": undefined,
              "min": undefined,
              "now": undefined,
              "text": undefined,
            }
          }
          accessible={true}
          collapsable={false}
          focusable={true}
          onClick={[Function]}
          onResponderGrant={[Function]}
          onResponderMove={[Function]}
          onResponderRelease={[Function]}
          onResponderTerminate={[Function]}
          onResponderTerminationRequest={[Function]}
          onStartShouldSetResponder={[Function]}
          style={
            {
              "flexShrink": 1,
              "justifyContent": "center",
              "opacity": 1,
              "paddingLeft": 10,
              "textAlign": "right",
            }
          }
        >
          <Text>
            Remove
          </Text>
        </View>
      </View>
    </View>
  </View>
</RCTScrollView>
`;
