// Jest Snapshot v1, https://goo.gl/fbAQLP

exports[`should render shopping list item 1`] = `
<View
  style={
    {
      "borderColor": "#6495ed",
      "borderRadius": 30,
      "borderWidth": 3,
      "flexDirection": "row",
      "marginBottom": 3,
      "width": "100%",
    }
  }
>
  <Text
    style={
      {
        "fontSize": 15,
        "minWidth": "33%",
        "padding": 10,
      }
    }
  >
    test name
  </Text>
  <Text
    style={
      {
        "fontSize": 15,
        "minWidth": "33%",
        "padding": 10,
      }
    }
  >
    100
  </Text>
  <View
    accessibilityState={
      {
        "busy": undefined,
        "checked": undefined,
        "disabled": undefined,
        "expanded": undefined,
        "selected": undefined,
      }
    }
    accessibilityValue={
      {
        "max": undefined,
        "min": undefined,
        "now": undefined,
        "text": undefined,
      }
    }
    accessible={true}
    collapsable={false}
    focusable={true}
    onClick={[Function]}
    onResponderGrant={[Function]}
    onResponderMove={[Function]}
    onResponderRelease={[Function]}
    onResponderTerminate={[Function]}
    onResponderTerminationRequest={[Function]}
    onStartShouldSetResponder={[Function]}
    style={
      {
        "flexShrink": 1,
        "justifyContent": "center",
        "opacity": 1,
        "paddingLeft": 10,
        "textAlign": "right",
      }
    }
  >
    <Text>
      Remove
    </Text>
  </View>
</View>
`;
